// Jest Snapshot v1, https://goo.gl/fbAQLP

exports[`<SearchSuggestions /> renders correctly and equals snapshot 1`] = `
<div
  className="css-qijqp5"
>
  <table
    className="css-1z0wrym"
  >
    <thead>
      <tr>
        <th>
          Name
        </th>
        <th>
          Location
        </th>
        <th>
          Occupation
        </th>
      </tr>
    </thead>
    <tbody>
      <tr
        onClick={[Function]}
      >
        <td>
          Stuart Clove
        </td>
        <td />
        <td />
      </tr>
      <tr
        onClick={[Function]}
      >
        <td>
          Jo Whitney
        </td>
        <td />
        <td />
      </tr>
      <tr
        onClick={[Function]}
      >
        <td>
          Cooper Whitney
        </td>
        <td />
        <td />
      </tr>
    </tbody>
  </table>
</div>
`;
