// Jest Snapshot v1, https://goo.gl/fbAQLP

exports[`<UserFollowing /> renders correctly and equals snapshot 1`] = `
<div
  className="css-qijqp5"
>
  <table
    className="css-1z0wrym"
  >
    <thead>
      <tr>
        <th>
          Name
        </th>
        <th>
          Location
        </th>
        <th>
          Occupation
        </th>
      </tr>
    </thead>
    <tbody>
      <tr>
        <td>
          Gage
        </td>
        <td>
          
        </td>
        <td />
      </tr>
      <tr>
        <td>
          Kristin
        </td>
        <td>
          
        </td>
        <td />
      </tr>
      <tr>
        <td>
          Florian
        </td>
        <td>
          Interaction Design Student
        </td>
        <td />
      </tr>
      <tr>
        <td>
          Amy Moore
        </td>
        <td>
          First Assistant
        </td>
        <td />
      </tr>
    </tbody>
  </table>
</div>
`;
